// Jest Snapshot v1, https://goo.gl/fbAQLP

exports[`should render ExpenseDashboard correctly 1`] = `
<div>
  Dashboard page content. Place components here
</div>
`;
